// Jest Snapshot v1, https://goo.gl/fbAQLP

exports[`creates a working jest config 1`] = `
Object {
  "automock": false,
  "cache": null,
  "cacheDirectory": "[cache]",
  "expand": false,
  "haste": Object {
    "defaultPlatform": "danger-js",
  },
  "moduleDirectories": Array [
    "node_modules",
  ],
  "moduleFileExtensions": Array [
    "js",
    "js",
    "jsx",
    "json",
    "ts",
    "tsx",
  ],
  "moduleNameMapper": Array [],
  "name": "danger",
  "setupFiles": Array [],
  "testEnvironment": "node",
  "testPathDirs": Array [
    "[testPathDirs]",
  ],
  "testPathIgnorePatterns": Array [
    "[testPathIgnorePatterns]",
  ],
  "testRegex": "",
  "transform": Array [
    Array [
      "js$",
      "babel-jest",
    ],
    Array [
      ".(ts|tsx)",
      "[ts-jest-transformer]",
    ],
  ],
  "transformIgnorePatterns": Array [
    "/node_modules/",
  ],
  "watch": false,
  "watchman": false,
}
`;
